=== KR : 347 companies ===
MISMATCH: 005930.KS 삼성전자 : Information Technology -> Technology
MISMATCH: 000660.KS SK하이닉스 : Information Technology -> Technology
MISMATCH: 009150.KS 삼성전기 : Information Technology -> Technology
MISMATCH: 105560.KS KB금융 : Financials -> Financial Services
MISMATCH: 055550.KS 신한지주 : Financials -> Financial Services
MISMATCH: 000270.KS 기아 : Consumer Discretionary -> Consumer Cyclical
MISMATCH: 012330.KS 현대모비스 : Consumer Discretionary -> Consumer Cyclical
MISMATCH: 086790.KS 하나금융지주 : Financials -> Financial Services
MISMATCH: 068270.KS 셀트리온 : Health Care -> Healthcare
MISMATCH: 032830.KS 삼성생명 : Financials -> Financial Services
MISMATCH: 066570.KS LG전자 : Information Technology -> Technology
MISMATCH: 005490.KS POSCO홀딩스 : Materials -> Basic Materials
MISMATCH: 316140.KS 우리금융지주 : Financials -> Financial Services
MISMATCH: 000810.KS 삼성화재 : Financials -> Financial Services
MISMATCH: 207940.KS 삼성바이오로직스 : Health Care -> Healthcare
MISMATCH: 033780.KS KT&G : Consumer Staples -> Consumer Defensive
MISMATCH: 035720.KS 카카오 : Industrials -> Communication Services
MISMATCH: 051910.KS LG화학 : Materials -> Basic Materials
MISMATCH: 003550.KS LG : Information Technology -> Technology
MISMATCH: 006800.KS 미래에셋증권 : Financials -> Financial Services
MISMATCH: 042700.KS 한미반도체 : Information Technology -> Technology
MISMATCH: 278470.KS 에이피알 : Consumer Staples -> Consumer Defensive
MISMATCH: 010130.KS 고려아연 : Materials -> Basic Materials
MISMATCH: 018260.KS 삼성에스디에스 : Information Technology -> Technology
MISMATCH: 138040.KS 메리츠금융지주 : Financials -> Financial Services
   - 50 / 347 done (failed 0, mismatches 25)
MISMATCH: 011070.KS LG이노텍 : Information Technology -> Technology
MISMATCH: 071050.KS 한국금융지주 : Financials -> Financial Services
MISMATCH: 005830.KS DB손해보험 : Financials -> Financial Services
MISMATCH: 323410.KS 카카오뱅크 : Financials -> Financial Services
MISMATCH: 007660.KS 이수페타시스 : Information Technology -> Technology
MISMATCH: 016360.KS 삼성증권 : Financials -> Financial Services
MISMATCH: 003230.KS 삼양식품 : Consumer Staples -> Consumer Defensive
MISMATCH: 024110.KS 기업은행 : Financials -> Financial Services
MISMATCH: 180640.KS 한진칼 : Consumer Discretionary -> Consumer Cyclical
MISMATCH: 021240.KS 코웨이 : Consumer Discretionary -> Consumer Cyclical
MISMATCH: 000100.KS 유한양행 : Health Care -> Healthcare
MISMATCH: 009830.KS 한화솔루션 : Information Technology -> Technology
MISMATCH: 161390.KS 한국타이어앤테크놀로지 : Consumer Discretionary -> Consumer Cyclical
MISMATCH: 039490.KS 키움증권 : Financials -> Financial Services
MISMATCH: 005940.KS NH투자증권 : Financials -> Financial Services
MISMATCH: 138930.KS BNK금융지주 : Financials -> Financial Services
MISMATCH: 064400.KS LG CNS : Information Technology -> Technology
MISMATCH: 326030.KS SK바이오팜 : Health Care -> Healthcare
MISMATCH: 034220.KS LG디스플레이 : Information Technology -> Technology
MISMATCH: 000990.KS DB하이텍 : Information Technology -> Technology
MISMATCH: 001450.KS 현대해상 : Financials -> Financial Services
MISMATCH: 307950.KS 현대오토에버 : Information Technology -> Technology
MISMATCH: 271560.KS 오리온 : Consumer Staples -> Consumer Defensive
MISMATCH: 004170.KS 신세계 : Consumer Discretionary -> Consumer Cyclical
   - 100 / 347 done (failed 0, mismatches 49)
MISMATCH: 128940.KS 한미약품 : Health Care -> Healthcare
MISMATCH: 004020.KS 현대제철 : Materials -> Basic Materials
MISMATCH: 161890.KS 한국콜마 : Consumer Staples -> Consumer Defensive
MISMATCH: 483650.KS 달바글로벌 : Consumer Staples -> Consumer Defensive
MISMATCH: 011790.KS SKC : Materials -> Basic Materials
MISMATCH: 009420.KS 한올바이오파마 : Health Care -> Healthcare
MISMATCH: 192820.KS 코스맥스 : Consumer Staples -> Consumer Defensive
MISMATCH: 002380.KS KCC : Materials -> Basic Materials
MISMATCH: 014680.KS 한솔케미칼 : Materials -> Basic Materials
MISMATCH: 088350.KS 한화생명 : Financials -> Financial Services
MISMATCH: 204320.KS HL만도 : Consumer Discretionary -> Consumer Cyclical
MISMATCH: 011780.KS 금호석유화학 : Materials -> Basic Materials
MISMATCH: 377300.KS 카카오페이 : Information Technology -> Technology
MISMATCH: 111770.KS 영원무역 : Consumer Discretionary -> Consumer Cyclical
MISMATCH: 035250.KS 강원랜드 : Consumer Discretionary -> Consumer Cyclical
MISMATCH: 097950.KS CJ제일제당 : Consumer Staples -> Consumer Defensive
MISMATCH: 004370.KS 농심 : Consumer Staples -> Consumer Defensive
MISMATCH: 139480.KS 이마트 : Consumer Staples -> Consumer Defensive
MISMATCH: 008770.KS 호텔신라 : Consumer Discretionary -> Consumer Cyclical
MISMATCH: 457190.KS 이수스페셜티케미컬 : Materials -> Basic Materials
MISMATCH: 008930.KS 한미사이언스 : Health Care -> Healthcare
MISMATCH: 282330.KS BGF리테일 : Consumer Staples -> Consumer Defensive
MISMATCH: 081660.KS 미스토홀딩스 : Consumer Discretionary -> Consumer Cyclical
MISMATCH: 029780.KS 삼성카드 : Financials -> Financial Services
MISMATCH: 018880.KS 한온시스템 : Consumer Discretionary -> Consumer Cyclical
MISMATCH: 120110.KS 코오롱인더 : Materials -> Basic Materials
MISMATCH: 069960.KS 현대백화점 : Consumer Discretionary -> Consumer Cyclical
MISMATCH: 022100.KS 포스코DX : Information Technology -> Technology
MISMATCH: 011170.KS 롯데케미칼 : Materials -> Basic Materials
MISMATCH: 302440.KS SK바이오사이언스 : Health Care -> Healthcare
MISMATCH: 023530.KS 롯데쇼핑 : Consumer Discretionary -> Consumer Cyclical
MISMATCH: 007340.KS DN오토모티브 : Consumer Discretionary -> Consumer Cyclical
MISMATCH: 011210.KS 현대위아 : Consumer Discretionary -> Consumer Cyclical
   - 150 / 347 done (failed 0, mismatches 82)
MISMATCH: 007070.KS GS리테일 : Consumer Discretionary -> Consumer Cyclical
MISMATCH: 009970.KS 영원무역홀딩스 : Consumer Discretionary -> Consumer Cyclical
MISMATCH: 005850.KS 에스엘 : Consumer Discretionary -> Consumer Cyclical
MISMATCH: 298020.KS 효성티앤씨 : Consumer Discretionary -> Consumer Cyclical
MISMATCH: 073240.KS 금호타이어 : Consumer Discretionary -> Consumer Cyclical
MISMATCH: 026960.KS 동서 : Consumer Staples -> Consumer Defensive
MISMATCH: 017960.KS 한국카본 : Materials -> Basic Materials
MISMATCH: 093370.KS 후성 : Materials -> Basic Materials
MISMATCH: 006280.KS 녹십자 : Health Care -> Healthcare
MISMATCH: 004000.KS 롯데정밀화학 : Materials -> Basic Materials
MISMATCH: 002790.KS 아모레퍼시픽홀딩스 : Consumer Staples -> Consumer Defensive
MISMATCH: 003240.KS 태광산업 : Materials -> Basic Materials
MISMATCH: 000240.KS 한국앤컴퍼니 : Consumer Discretionary -> Consumer Cyclical
MISMATCH: 361610.KS SK아이이테크놀로지 : Information Technology -> Technology
MISMATCH: 000210.KS DL : Materials -> Basic Materials
MISMATCH: 001430.KS 세아베스틸지주 : Materials -> Basic Materials
MISMATCH: 285130.KS SK케미칼 : Materials -> Basic Materials
MISMATCH: 000080.KS 하이트진로 : Consumer Staples -> Consumer Defensive
MISMATCH: 007310.KS 오뚜기 : Consumer Staples -> Consumer Defensive
MISMATCH: 006040.KS 동원산업 : Consumer Staples -> Consumer Defensive
MISMATCH: 456040.KS OCI : Materials -> Basic Materials
MISMATCH: 280360.KS 롯데웰푸드 : Consumer Staples -> Consumer Defensive
MISMATCH: 001680.KS 대상 : Consumer Staples -> Consumer Defensive
MISMATCH: 069260.KS TKG휴켐스 : Materials -> Basic Materials
MISMATCH: 005300.KS 롯데칠성 : Consumer Staples -> Consumer Defensive
MISMATCH: 300720.KS 한일시멘트 : Materials -> Basic Materials
MISMATCH: 003090.KS 대웅 : Health Care -> Healthcare
MISMATCH: 009240.KS 한샘 : Consumer Discretionary -> Consumer Cyclical
MISMATCH: 008730.KS 율촌화학 : Consumer Discretionary -> Consumer Cyclical
MISMATCH: 002840.KS 미원상사 : Materials -> Basic Materials
MISMATCH: 003030.KS 세아제강지주 : Materials -> Basic Materials
MISMATCH: 002030.KS 아세아 : Materials -> Basic Materials
MISMATCH: 014820.KS 동원시스템즈 : Consumer Discretionary -> Consumer Cyclical
MISMATCH: 268280.KS 미원에스씨 : Materials -> Basic Materials
MISMATCH: 196170.KQ 알테오젠 : Health Care -> Healthcare
   - 200 / 347 done (failed 0, mismatches 117)
MISMATCH: 036930.KQ 주성엔지니어링 : Information Technology -> Technology
MISMATCH: 028300.KQ HLB : Health Care -> Healthcare
MISMATCH: 087010.KQ 펩트론 : Health Care -> Healthcare
MISMATCH: 240810.KQ 원익IPS : Information Technology -> Technology
MISMATCH: 039030.KQ 이오테크닉스 : Information Technology -> Technology
MISMATCH: 058470.KQ 리노공업 : Information Technology -> Technology
MISMATCH: 298380.KQ 에이비엘바이오 : Health Care -> Healthcare
MISMATCH: 108490.KQ 로보티즈 : Information Technology -> Technology
MISMATCH: 222800.KQ 심텍 : Information Technology -> Technology
MISMATCH: 141080.KQ 리가켐바이오 : Health Care -> Healthcare
MISMATCH: 214450.KQ 파마리서치 : Health Care -> Healthcare
MISMATCH: 319660.KQ 피에스케이 : Information Technology -> Technology
MISMATCH: 000250.KQ 삼천당제약 : Health Care -> Healthcare
MISMATCH: 080220.KQ 제주반도체 : Information Technology -> Technology
MISMATCH: 347850.KQ 디앤디파마텍 : Health Care -> Healthcare
MISMATCH: 084370.KQ 유진테크 : Information Technology -> Technology
MISMATCH: 310210.KQ 보로노이 : Health Care -> Healthcare
MISMATCH: 226950.KQ 올릭스 : Health Care -> Healthcare
MISMATCH: 067310.KQ 하나마이크론 : Information Technology -> Technology
MISMATCH: 095340.KQ ISC : Information Technology -> Technology
MISMATCH: 095610.KQ 테스 : Information Technology -> Technology
MISMATCH: 257720.KQ 실리콘투 : Consumer Staples -> Consumer Defensive
MISMATCH: 237690.KQ 에스티팜 : Health Care -> Healthcare
MISMATCH: 089970.KQ 브이엠 : Information Technology -> Technology
MISMATCH: 145020.KQ 휴젤 : Health Care -> Healthcare
MISMATCH: 089030.KQ 테크윙 : Information Technology -> Technology
MISMATCH: 357780.KQ 솔브레인 : Materials -> Basic Materials
MISMATCH: 131290.KQ 티에스이 : Information Technology -> Technology
MISMATCH: 319400.KQ 현대무벡스 : Financials -> Financial Services
MISMATCH: 039200.KQ 오스코텍 : Health Care -> Healthcare
MISMATCH: 064760.KQ 티씨케이 : Information Technology -> Technology
MISMATCH: 140860.KQ 파크시스템스 : Information Technology -> Technology
MISMATCH: 007390.KQ 네이처셀 : Consumer Staples -> Consumer Defensive
MISMATCH: 290650.KQ 엘앤씨바이오 : Health Care -> Healthcare
MISMATCH: 131970.KQ 두산테스나 : Information Technology -> Technology
MISMATCH: 078600.KQ 대주전자재료 : Information Technology -> Technology
   - 250 / 347 done (failed 0, mismatches 153)
MISMATCH: 096530.KQ 씨젠 : Health Care -> Healthcare
MISMATCH: 214150.KQ 클래시스 : Health Care -> Healthcare
MISMATCH: 214370.KQ 케어젠 : Consumer Staples -> Consumer Defensive
MISMATCH: 031980.KQ 피에스케이홀딩스 : Information Technology -> Technology
MISMATCH: 241710.KQ 코스메카코리아 : Consumer Staples -> Consumer Defensive
MISMATCH: 218410.KQ RFHIC : Information Technology -> Technology
MISMATCH: 101490.KQ 에스앤에스텍 : Information Technology -> Technology
MISMATCH: 445680.KQ 큐리옥스바이오시스템즈 : Health Care -> Healthcare
MISMATCH: 048410.KQ 현대바이오 : Health Care -> Healthcare
MISMATCH: 328130.KQ 루닛 : Health Care -> Healthcare
MISMATCH: 420770.KQ 기가비스 : Information Technology -> Technology
MISMATCH: 166090.KQ 하나머티리얼즈 : Information Technology -> Technology
MISMATCH: 085660.KQ 차바이오텍 : Health Care -> Healthcare
MISMATCH: 358570.KQ 지아이이노베이션 : Health Care -> Healthcare
MISMATCH: 099320.KQ 쎄트렉아이 : Information Technology -> Technology
MISMATCH: 050890.KQ 쏠리드 : Information Technology -> Technology
MISMATCH: 281740.KQ 레이크머티리얼즈 : Materials -> Basic Materials
MISMATCH: 036540.KQ SFA반도체 : Information Technology -> Technology
MISMATCH: 121600.KQ 나노신소재 : Materials -> Basic Materials
MISMATCH: 213420.KQ 덕산네오룩스 : Information Technology -> Technology
MISMATCH: 232140.KQ 와이씨 : Information Technology -> Technology
MISMATCH: 036810.KQ 에프에스티 : Information Technology -> Technology
MISMATCH: 295310.KQ 에이치브이엠 : Materials -> Basic Materials
   - 300 / 347 done (failed 0, mismatches 176)
MISMATCH: 025980.KQ 아난티 : Consumer Discretionary -> Consumer Cyclical
MISMATCH: 082270.KQ 젬백스 : Information Technology -> Technology
MISMATCH: 052400.KQ 코나아이 : Information Technology -> Technology
MISMATCH: 171090.KQ 선익시스템 : Information Technology -> Technology
MISMATCH: 006730.KQ 서부T&D : Consumer Discretionary -> Consumer Cyclical
MISMATCH: 060250.KQ NHN KCP : Information Technology -> Technology
MISMATCH: 042000.KQ 카페24 : Information Technology -> Technology
MISMATCH: 214430.KQ 아이쓰리시스템 : Information Technology -> Technology
MISMATCH: 399720.KQ 가온칩스 : Information Technology -> Technology
MISMATCH: 038500.KQ 삼표시멘트 : Materials -> Basic Materials
MISMATCH: 211050.KQ 인카금융서비스 : Financials -> Financial Services
MISMATCH: 100790.KQ 미래에셋벤처투자 : Financials -> Financial Services
MISMATCH: 348210.KQ 넥스틴 : Information Technology -> Technology
MISMATCH: 060280.KQ 큐렉소 : Health Care -> Healthcare
MISMATCH: 032190.KQ 다우데이타 : Information Technology -> Technology
MISMATCH: 272290.KQ 이녹스첨단소재 : Information Technology -> Technology
MISMATCH: 278280.KQ 천보 : Materials -> Basic Materials
MISMATCH: 036620.KQ 감성코퍼레이션 : Information Technology -> Technology
MISMATCH: 215200.KQ 메가스터디교육 : Consumer Staples -> Consumer Defensive
MISMATCH: 376300.KQ 디어유 : Information Technology -> Technology
MISMATCH: 253590.KQ 네오셈 : Information Technology -> Technology
MISMATCH: 036830.KQ 솔브레인홀딩스 : Materials -> Basic Materials
MISMATCH: 025900.KQ 동화기업 : Materials -> Basic Materials
MISMATCH: 352480.KQ 씨앤씨인터내셔널 : Consumer Staples -> Consumer Defensive
   -> KR done: 347 processed, 0 failed
=== SP500 : 502 companies ===
MISMATCH: ABBV AbbVie : Health Care -> Healthcare
MISMATCH: ADBE Adobe Inc. : Information Technology -> Technology
MISMATCH: AMD AMD : Information Technology -> Technology
MISMATCH: A Agilent Technologies : Health Care -> Healthcare
MISMATCH: ABNB Airbnb : Consumer Discretionary -> Consumer Cyclical
MISMATCH: ALB Albemarle Corporation : Materials -> Basic Materials
MISMATCH: ALL Allstate : Financials -> Financial Services
MISMATCH: AMZN Amazon (company) : Consumer Discretionary -> Consumer Cyclical
MISMATCH: AMCR Amcor : Materials -> Consumer Cyclical
MISMATCH: AIG American International Group : Financials -> Financial Services
MISMATCH: APH Amphenol : Information Technology -> Technology
MISMATCH: ADI Analog Devices : Information Technology -> Technology
MISMATCH: APO Apollo Global Management : Financials -> Financial Services
MISMATCH: AAPL Apple Inc. : Information Technology -> Technology
MISMATCH: AMAT Applied Materials : Information Technology -> Technology
MISMATCH: APTV Aptiv : Consumer Discretionary -> Consumer Cyclical
MISMATCH: ADM Archer Daniels Midland : Consumer Staples -> Consumer Defensive
MISMATCH: ADSK Autodesk : Information Technology -> Technology
MISMATCH: ADP ADP (company) : Industrials -> Technology
   - 50 / 502 done (failed 0, mismatches 219)
MISMATCH: AVY Avery Dennison : Materials -> Consumer Cyclical
MISMATCH: BALL Ball Corporation : Materials -> Consumer Cyclical
MISMATCH: BAX Baxter International : Health Care -> Healthcare
MISMATCH: BDX BD (company) : Health Care -> Healthcare
MISMATCH: BBY Best Buy : Consumer Discretionary -> Consumer Cyclical
MISMATCH: BIIB Biogen : Health Care -> Healthcare
MISMATCH: BLK BlackRock : Financials -> Financial Services
MISMATCH: BX Blackstone Inc. : Financials -> Financial Services
MISMATCH: BKNG Booking Holdings : Consumer Discretionary -> Consumer Cyclical
MISMATCH: BMY Bristol Myers Squibb : Health Care -> Healthcare
MISMATCH: BRO Brown & Brown : Financials -> Financial Services
MISMATCH: BG Bunge Global : Consumer Staples -> Consumer Defensive
MISMATCH: CDNS Cadence Design Systems : Information Technology -> Technology
MISMATCH: COF Capital One : Financials -> Financial Services
MISMATCH: CAH Cardinal Health : Health Care -> Healthcare
MISMATCH: CCL Carnival Corporation : Consumer Discretionary -> Consumer Cyclical
MISMATCH: CASY Casey's : Consumer Staples -> Consumer Cyclical
MISMATCH: CDW CDW : Information Technology -> Technology
MISMATCH: COR Cencora : Health Care -> Healthcare
MISMATCH: CNC Centene Corporation : Health Care -> Healthcare
MISMATCH: CF CF Industries : Materials -> Basic Materials
MISMATCH: CRL Charles River Laboratories : Health Care -> Healthcare
MISMATCH: SCHW Charles Schwab Corporation : Financials -> Financial Services
MISMATCH: CB Chubb Limited : Financials -> Financial Services
MISMATCH: CIEN Ciena : Information Technology -> Technology
MISMATCH: CI Cigna : Health Care -> Healthcare
   - 100 / 502 done (failed 0, mismatches 245)
MISMATCH: CSCO Cisco : Information Technology -> Technology
MISMATCH: CLX Clorox : Consumer Staples -> Consumer Defensive
MISMATCH: CME CME Group : Financials -> Financial Services
MISMATCH: CTSH Cognizant : Information Technology -> Technology
MISMATCH: COHR Coherent Corp. : Information Technology -> Technology
MISMATCH: COIN Coinbase : Financials -> Financial Services
MISMATCH: CL Colgate-Palmolive : Consumer Staples -> Consumer Defensive
MISMATCH: STZ Constellation Brands : Consumer Staples -> Consumer Defensive
MISMATCH: GLW Corning Inc. : Information Technology -> Technology
MISMATCH: CPAY Corpay : Financials -> Technology
MISMATCH: CTVA Corteva : Materials -> Basic Materials
MISMATCH: COST Costco : Consumer Staples -> Consumer Defensive
MISMATCH: CRH CRH plc : Materials -> Basic Materials
MISMATCH: CRWD CrowdStrike : Information Technology -> Technology
MISMATCH: CVS CVS Health : Health Care -> Healthcare
MISMATCH: DRI Darden Restaurants : Consumer Discretionary -> Consumer Cyclical
MISMATCH: DDOG Datadog : Information Technology -> Technology
MISMATCH: DVA DaVita : Health Care -> Healthcare
MISMATCH: DECK Deckers Brands : Consumer Discretionary -> Consumer Cyclical
MISMATCH: DELL Dell Technologies : Information Technology -> Technology
MISMATCH: DXCM Dexcom : Health Care -> Healthcare
MISMATCH: DLTR Dollar Tree : Consumer Staples -> Consumer Defensive
MISMATCH: DPZ Domino's : Consumer Discretionary -> Consumer Cyclical
   - 150 / 502 done (failed 0, mismatches 268)
MISMATCH: DOW Dow Chemical Company : Materials -> Basic Materials
MISMATCH: DHI D. R. Horton : Consumer Discretionary -> Consumer Cyclical
MISMATCH: DD DuPont : Industrials -> Basic Materials
MISMATCH: EBAY eBay : Consumer Discretionary -> Consumer Cyclical
MISMATCH: ECL Ecolab : Materials -> Basic Materials
MISMATCH: EW Edwards Lifesciences : Health Care -> Healthcare
MISMATCH: ELV Elevance Health : Health Care -> Healthcare
MISMATCH: EL The Estée Lauder Companies : Consumer Staples -> Consumer Defensive
MISMATCH: EXPE Expedia Group : Consumer Discretionary -> Consumer Cyclical
MISMATCH: FFIV F5, Inc. : Information Technology -> Technology
MISMATCH: FDS FactSet : Financials -> Financial Services
MISMATCH: FICO FICO : Information Technology -> Technology
MISMATCH: FIS FIS (company) : Financials -> Technology
MISMATCH: FITB Fifth Third Bancorp : Financials -> Financial Services
MISMATCH: FSLR First Solar : Information Technology -> Technology
MISMATCH: FLEX Flex Ltd. : Information Technology -> Technology
MISMATCH: FTV Fortive : Industrials -> Technology
MISMATCH: FCX Freeport-McMoRan : Materials -> Basic Materials
   - 200 / 502 done (failed 0, mismatches 286)
MISMATCH: GEHC GE HealthCare : Health Care -> Healthcare
MISMATCH: GEN Gen Digital : Information Technology -> Technology
MISMATCH: GIS General Mills : Consumer Staples -> Consumer Defensive
MISMATCH: GM General Motors : Consumer Discretionary -> Consumer Cyclical
MISMATCH: GPN Global Payments : Financials -> Industrials
MISMATCH: GDDY GoDaddy : Information Technology -> Technology
MISMATCH: GS Goldman Sachs : Financials -> Financial Services
MISMATCH: HAS Hasbro : Consumer Discretionary -> Consumer Cyclical
MISMATCH: HCA HCA Healthcare : Health Care -> Healthcare
MISMATCH: HSIC Henry Schein : Health Care -> Healthcare
MISMATCH: HPE Hewlett Packard Enterprise : Information Technology -> Technology
MISMATCH: HRL Hormel Foods : Consumer Staples -> Consumer Defensive
MISMATCH: HPQ HP Inc. : Information Technology -> Technology
MISMATCH: HBAN Huntington Bancshares : Financials -> Financial Services
MISMATCH: IBM IBM : Information Technology -> Technology
MISMATCH: IDXX Idexx Laboratories : Health Care -> Healthcare
MISMATCH: INCY Incyte : Health Care -> Healthcare
MISMATCH: INTC Intel : Information Technology -> Technology
MISMATCH: IBKR Interactive Brokers : Financials -> Financial Services
MISMATCH: ICE Intercontinental Exchange : Financials -> Financial Services
MISMATCH: IFF International Flavors & Fragrances : Materials -> Basic Materials
MISMATCH: IP International Paper : Materials -> Consumer Cyclical
MISMATCH: INTU Intuit : Information Technology -> Technology
MISMATCH: IVZ Invesco : Financials -> Financial Services
   - 250 / 502 done (failed 0, mismatches 310)
MISMATCH: IQV IQVIA : Health Care -> Healthcare
MISMATCH: JKHY Jack Henry & Associates : Financials -> Technology
MISMATCH: JPM JPMorgan Chase : Financials -> Financial Services
MISMATCH: KDP Keurig Dr Pepper : Consumer Staples -> Consumer Defensive
MISMATCH: KEY KeyCorp : Financials -> Financial Services
MISMATCH: KEYS Keysight Technologies : Information Technology -> Technology
MISMATCH: KLAC KLA Corporation : Information Technology -> Technology
MISMATCH: KR Kroger : Consumer Staples -> Consumer Defensive
MISMATCH: LH Labcorp : Health Care -> Healthcare
MISMATCH: LRCX Lam Research : Information Technology -> Technology
MISMATCH: LVS Las Vegas Sands : Consumer Discretionary -> Consumer Cyclical
MISMATCH: LDOS Leidos : Industrials -> Technology
MISMATCH: LLY Eli Lilly and Company : Health Care -> Healthcare
MISMATCH: LIN Linde plc : Materials -> Basic Materials
MISMATCH: LOW Lowe's : Consumer Discretionary -> Consumer Cyclical
MISMATCH: LITE Lumentum : Information Technology -> Technology
MISMATCH: LYB LyondellBasell : Materials -> Basic Materials
MISMATCH: MRSH Marsh McLennan : Financials -> Financial Services
MISMATCH: MLM Martin Marietta Materials : Materials -> Basic Materials
MISMATCH: MRVL Marvell Technology : Information Technology -> Technology
MISMATCH: MA Mastercard : Financials -> Financial Services
MISMATCH: MKC McCormick & Company : Consumer Staples -> Consumer Defensive
MISMATCH: MCD McDonald's : Consumer Discretionary -> Consumer Cyclical
MISMATCH: MDT Medtronic : Health Care -> Healthcare
MISMATCH: MET MetLife : Financials -> Financial Services
   - 300 / 502 done (failed 0, mismatches 335)
MISMATCH: MTD Mettler Toledo : Health Care -> Healthcare
MISMATCH: MGM MGM Resorts : Consumer Discretionary -> Consumer Cyclical
MISMATCH: MCHP Microchip Technology : Information Technology -> Technology
MISMATCH: MU Micron Technology : Information Technology -> Technology
MISMATCH: MSFT Microsoft : Information Technology -> Technology
MISMATCH: MRNA Moderna : Health Care -> Healthcare
MISMATCH: TAP Molson Coors : Consumer Staples -> Consumer Defensive
MISMATCH: MDLZ Mondelez International : Consumer Staples -> Consumer Defensive
MISMATCH: MPWR Monolithic Power Systems : Information Technology -> Technology
MISMATCH: MNST Monster Beverage : Consumer Staples -> Consumer Defensive
MISMATCH: MCO Moody's Corporation : Financials -> Financial Services
MISMATCH: MS Morgan Stanley : Financials -> Financial Services
MISMATCH: MOS The Mosaic Company : Materials -> Basic Materials
MISMATCH: MSI Motorola Solutions : Information Technology -> Technology
MISMATCH: MSCI MSCI : Financials -> Financial Services
MISMATCH: NDAQ Nasdaq, Inc. : Financials -> Financial Services
MISMATCH: NTAP NetApp : Information Technology -> Technology
MISMATCH: NEM Newmont : Materials -> Basic Materials
MISMATCH: NKE Nike, Inc. : Consumer Discretionary -> Consumer Cyclical
MISMATCH: NTRS Northern Trust : Financials -> Financial Services
MISMATCH: NCLH Norwegian Cruise Line Holdings : Consumer Discretionary -> Consumer Cyclical
MISMATCH: NUE Nucor : Materials -> Basic Materials
MISMATCH: NVDA Nvidia : Information Technology -> Technology
MISMATCH: NVR NVR, Inc. : Consumer Discretionary -> Consumer Cyclical
MISMATCH: ORLY O'Reilly Auto Parts : Consumer Discretionary -> Consumer Cyclical
MISMATCH: ORCL Oracle Corporation : Information Technology -> Technology
MISMATCH: PKG Packaging Corporation of America : Materials -> Consumer Cyclical
MISMATCH: PLTR Palantir Technologies : Information Technology -> Technology
MISMATCH: PANW Palo Alto Networks : Information Technology -> Technology
MISMATCH: PAYX Paychex : Industrials -> Technology
MISMATCH: PYPL PayPal : Financials -> Financial Services
   - 350 / 502 done (failed 0, mismatches 366)
MISMATCH: PEP PepsiCo : Consumer Staples -> Consumer Defensive
MISMATCH: PPG PPG Industries : Materials -> Basic Materials
MISMATCH: PGR Progressive Corporation : Financials -> Financial Services
MISMATCH: PRU Prudential Financial : Financials -> Financial Services
MISMATCH: PTC PTC (software company) : Information Technology -> Technology
MISMATCH: PHM PulteGroup : Consumer Discretionary -> Consumer Cyclical
MISMATCH: DGX Quest Diagnostics : Health Care -> Healthcare
MISMATCH: RL Ralph Lauren Corporation : Consumer Discretionary -> Consumer Cyclical
MISMATCH: RJF Raymond James Financial : Financials -> Financial Services
MISMATCH: REGN Regeneron Pharmaceuticals : Health Care -> Healthcare
MISMATCH: RF Regions Financial Corporation : Financials -> Financial Services
MISMATCH: RVTY Revvity : Health Care -> Healthcare
MISMATCH: ROL Rollins, Inc. : Industrials -> Consumer Cyclical
MISMATCH: SPGI S&P Global : Financials -> Financial Services
MISMATCH: CRM Salesforce : Information Technology -> Technology
MISMATCH: SNDK Sandisk : Information Technology -> Technology
MISMATCH: STX Seagate Technology : Information Technology -> Technology
MISMATCH: NOW ServiceNow : Information Technology -> Technology
MISMATCH: SHW Sherwin-Williams : Materials -> Basic Materials
MISMATCH: SWKS Skyworks Solutions : Information Technology -> Technology
   - 400 / 502 done (failed 0, mismatches 386)
MISMATCH: STT State Street Corporation : Financials -> Financial Services
MISMATCH: STLD Steel Dynamics : Materials -> Basic Materials
MISMATCH: STE Steris : Health Care -> Healthcare
MISMATCH: SMCI Supermicro : Information Technology -> Technology
MISMATCH: SYF Synchrony Financial : Financials -> Financial Services
MISMATCH: SNPS Synopsys : Information Technology -> Technology
MISMATCH: SYY Sysco : Consumer Staples -> Consumer Defensive
MISMATCH: TROW T. Rowe Price : Financials -> Financial Services
MISMATCH: TPR Tapestry, Inc. : Consumer Discretionary -> Consumer Cyclical
MISMATCH: TEL TE Connectivity : Information Technology -> Technology
MISMATCH: TDY Teledyne Technologies : Information Technology -> Technology
MISMATCH: TER Teradyne : Information Technology -> Technology
MISMATCH: TSLA Tesla, Inc. : Consumer Discretionary -> Consumer Cyclical
MISMATCH: TMO Thermo Fisher Scientific : Health Care -> Healthcare
MISMATCH: TJX TJX Companies : Consumer Discretionary -> Consumer Cyclical
MISMATCH: TSCO Tractor Supply : Consumer Discretionary -> Consumer Cyclical
MISMATCH: TRMB Trimble Inc. : Information Technology -> Technology
MISMATCH: TFC Truist Financial : Financials -> Financial Services
MISMATCH: TYL Tyler Technologies : Information Technology -> Technology
MISMATCH: TSN Tyson Foods : Consumer Staples -> Consumer Defensive
MISMATCH: USB U.S. Bancorp : Financials -> Financial Services
MISMATCH: UBER Uber : Industrials -> Technology
MISMATCH: ULTA Ulta Beauty : Consumer Discretionary -> Consumer Cyclical
MISMATCH: UHS Universal Health Services : Health Care -> Healthcare
   - 450 / 502 done (failed 0, mismatches 410)
MISMATCH: VEEV Veeva Systems : Health Care -> Healthcare
MISMATCH: VRSN Verisign : Information Technology -> Technology
MISMATCH: VRTX Vertex Pharmaceuticals : Health Care -> Healthcare
MISMATCH: VTRS Viatris : Health Care -> Healthcare
MISMATCH: V Visa Inc. : Financials -> Financial Services
MISMATCH: WRB W. R. Berkley Corporation : Financials -> Financial Services
MISMATCH: WMT Walmart : Consumer Staples -> Consumer Defensive
MISMATCH: WST West Pharmaceutical Services : Health Care -> Healthcare
MISMATCH: WDC Western Digital : Information Technology -> Technology
MISMATCH: WSM Williams-Sonoma, Inc. : Consumer Discretionary -> Consumer Cyclical
MISMATCH: WTW Willis Towers Watson : Financials -> Financial Services
MISMATCH: WDAY Workday, Inc. : Information Technology -> Technology
MISMATCH: WYNN Wynn Resorts : Consumer Discretionary -> Consumer Cyclical
MISMATCH: YUM Yum! Brands : Consumer Discretionary -> Consumer Cyclical
MISMATCH: ZBRA Zebra Technologies : Information Technology -> Technology
MISMATCH: ZBH Zimmer Biomet : Health Care -> Healthcare
MISMATCH: ZTS Zoetis : Health Care -> Healthcare
MISMATCH: BRK-B Berkshire Hathaway : Financials -> Financial Services
MISMATCH: BF-B Brown–Forman : Consumer Staples -> Consumer Defensive
MISMATCH: PODD Insulet Corporation : Health Care -> Healthcare
MISMATCH: KVUE Kenvue : Consumer Staples -> Consumer Defensive
   - 500 / 502 done (failed 0, mismatches 431)
MISMATCH: RMD ResMed : Health Care -> Healthcare
   -> SP500 done: 502 processed, 0 failed
ALL_DONE : total mismatches = 432, saved to sector-map/scripts/audit-sectors-result.csv
